// Jest Snapshot v1, https://goo.gl/fbAQLP

exports[`AtariButton renders correctly 1`] = `
<AtariButton
  label="button"
/>
`;
