// Jest Snapshot v1, https://goo.gl/fbAQLP

exports[`NumberDisplay renders correctly 1`] = `
<NumberDisplay
  screenIndex={1}
/>
`;
