// Jest Snapshot v1, https://goo.gl/fbAQLP

exports[`StageDataPanel renders correctly 1`] = `
<StageDataPanel
  stageData={196}
/>
`;
